Traceback (most recent call last):
Traceback (most recent call last):
  File "<frozen runpy>", line 198, in _run_module_as_main
Traceback (most recent call last):
  File "<frozen runpy>", line 198, in _run_module_as_main
  File "<frozen runpy>", line 198, in _run_module_as_main
Traceback (most recent call last):
  File "<frozen runpy>", line 88, in _run_code
Traceback (most recent call last):
Traceback (most recent call last):
  File "<frozen runpy>", line 88, in _run_code
  File "/usr/users/rl_course_26/rl_course_26_7/RL-project/src/scripts/training/train_double_dqn.py", line 14, in <module>
  File "<frozen runpy>", line 88, in _run_code
  File "<frozen runpy>", line 198, in _run_module_as_main
  File "/usr/users/rl_course_26/rl_course_26_7/RL-project/src/scripts/training/train_double_dqn.py", line 14, in <module>
  File "<frozen runpy>", line 198, in _run_module_as_main
  File "<frozen runpy>", line 198, in _run_module_as_main
    from rl_project.models.factory import build_model
  File "/usr/users/rl_course_26/rl_course_26_7/RL-project/src/scripts/training/train_double_dqn.py", line 14, in <module>
  File "<frozen runpy>", line 88, in _run_code
    from rl_project.models.factory import build_model
  File "<frozen runpy>", line 88, in _run_code
  File "<frozen runpy>", line 88, in _run_code
  File "/usr/users/rl_course_26/rl_course_26_7/RL-project/src/scripts/training/train_double_dqn.py", line 14, in <module>
  File "/usr/users/rl_course_26/rl_course_26_7/RL-project/src/rl_project/models/factory.py", line 54
    return DoubleDQNModel(
    from rl_project.models.factory import build_model
  File "/usr/users/rl_course_26/rl_course_26_7/RL-project/src/scripts/training/train_double_dqn.py", line 14, in <module>
  File "/usr/users/rl_course_26/rl_course_26_7/RL-project/src/rl_project/models/factory.py", line 54
    return DoubleDQNModel(
  File "/usr/users/rl_course_26/rl_course_26_7/RL-project/src/scripts/training/train_double_dqn.py", line 14, in <module>
    from rl_project.models.factory import build_model
    ^^^^^^
IndentationError: expected an indented block after 'if' statement on line 53
  File "/usr/users/rl_course_26/rl_course_26_7/RL-project/src/rl_project/models/factory.py", line 54
    from rl_project.models.factory import build_model
    ^^^^^^
    from rl_project.models.factory import build_model
  File "/usr/users/rl_course_26/rl_course_26_7/RL-project/src/rl_project/models/factory.py", line 54
    return DoubleDQNModel(
    return DoubleDQNModel(
  File "/usr/users/rl_course_26/rl_course_26_7/RL-project/src/rl_project/models/factory.py", line 54
IndentationError: expected an indented block after 'if' statement on line 53
  File "/usr/users/rl_course_26/rl_course_26_7/RL-project/src/rl_project/models/factory.py", line 54
    return DoubleDQNModel(
    ^^^^^^
    ^^^^^^
    return DoubleDQNModel(
    ^^^^^^
IndentationError: expected an indented block after 'if' statement on line 53
IndentationError: expected an indented block after 'if' statement on line 53
    ^^^^^^
IndentationError: expected an indented block after 'if' statement on line 53
IndentationError: expected an indented block after 'if' statement on line 53
